MO four_carry_lookahead_adder NULL hybrid.v vlg5E/four__carry__lookahead__adder.bin 1542642776
MO hybrid_adder NULL hybrid.v vlg4D/hybrid__adder.bin 1542642776
MO ripple NULL ripple.v vlg14/ripple.bin 1542643116
MO two_carry_lookahead_adder NULL hybrid.v vlg44/two__carry__lookahead__adder.bin 1542642776
MO full_adder NULL ripple.v vlg5A/full__adder.bin 1542643116
